P05: HONEST  honest_by=5 clean_failing=[] campaign_only=[]
W01: HONEST  honest_by=1 clean_failing=[] campaign_only=[]
P06: HONEST  honest_by=2 clean_failing=[] campaign_only=[]
W05: HONEST  honest_by=1 clean_failing=[] campaign_only=[]
PR2: HONEST  honest_by=1 clean_failing=[] campaign_only=[]
R01: HONEST  honest_by=2 clean_failing=[] campaign_only=[]
T02: HONEST  honest_by=3 clean_failing=[] campaign_only=[]
T01: HONEST  honest_by=5 clean_failing=[] campaign_only=[]
TS1: HONEST  honest_by=1 clean_failing=[] campaign_only=[]
TS2: HONEST  honest_by=2 clean_failing=[] campaign_only=[]
TF1: HONEST  honest_by=3 clean_failing=[] campaign_only=[]
MK1: HONEST  honest_by=2 clean_failing=[] campaign_only=[]
TB2: HONEST  honest_by=1 clean_failing=[] campaign_only=[]
CB1: HONEST  honest_by=2 clean_failing=[] campaign_only=[]
WB1: HONEST  honest_by=2 clean_failing=[] campaign_only=[]
WB2: HONEST  honest_by=1 clean_failing=[] campaign_only=[]
WB3: HONEST  honest_by=3 clean_failing=[] campaign_only=[]
BB1: HONEST  honest_by=2 clean_failing=[] campaign_only=[]
BB2: HONEST  honest_by=1 clean_failing=[] campaign_only=[]
OH1: HONEST  honest_by=4 clean_failing=[] campaign_only=[]
AP1: HONEST  honest_by=5 clean_failing=[] campaign_only=[]
CC2: HONEST  honest_by=7 clean_failing=[] campaign_only=[]
SF1: HONEST  honest_by=1 clean_failing=[] campaign_only=[]
D5: HONEST  honest_by=2 clean_failing=[] campaign_only=[]
TH1: HONEST  honest_by=2 clean_failing=[] campaign_only=[]
TH2: HONEST  honest_by=2 clean_failing=[] campaign_only=[]
restored byte-identical
honest (flake audit only): 26/26 caught mutants
