t1: synced from the worktree, QuietDesktopTests 5/5
t2: synced from the worktree, QuietDesktopTests 5/5
t3: synced from the worktree, QuietDesktopTests 5/5
C05: PROVED  mutant CAUGHT failed=1 passed=0  control failed=0 passed=1  F2_muting_the_chart_does_not_silence_an_alert
      RED: AccessibleTrader.Tests.FiredAlertDeliveryTests.F2_muting_the_chart_does_not_silence_an_alert
           Assert.Contains() Failure: Item not found in collection
C03: PROVED  mutant CAUGHT failed=1 passed=0  control failed=0 passed=1  F2_silences_the_forming_commentary
      RED: AccessibleTrader.Tests.FormingPatternCommentaryTests.F2_silences_the_forming_commentary
           Assert.Empty() Failure: Collection was not empty
C04: PROVED  mutant CAUGHT failed=1 passed=0  control failed=0 passed=1  An_arrow_key_does_not_cut_off_a_forming_formation_mid_sentence
      RED: AccessibleTrader.Tests.FormingPatternCommentaryTests.An_arrow_key_does_not_cut_off_a_forming_formation_mid_sentence
           Assert.Equal() Failure: Values differ
C06: PROVED  mutant CAUGHT failed=1 passed=0  control failed=0 passed=1  F2_turning_chart_speech_off_is_confirmed_out_loud
      RED: AccessibleTrader.Tests.MuteToggleConfirmationTests.F2_turning_chart_speech_off_is_confirmed_out_loud
           Assert.Contains() Failure: Item not found in collection
C07: PROVED  mutant CAUGHT failed=1 passed=0  control failed=0 passed=1  Shift_F2_muting_alerts_and_events_is_confirmed_out_loud
      RED: AccessibleTrader.Tests.MuteToggleConfirmationTests.Shift_F2_muting_alerts_and_events_is_confirmed_out_loud
           Assert.Contains() Failure: Item not found in collection
C09: PROVED  mutant CAUGHT failed=1 passed=0  control failed=0 passed=1  Delete_on_an_indicator_removes_it_and_says_so_even_with_chart_speech_off
      RED: AccessibleTrader.Tests.ChartKeyboardNavigationTests.Delete_on_an_indicator_removes_it_and_says_so_even_with_chart_speech_off
           Assert.Contains() Failure: Filter not matched in collection
C10: PROVED  mutant CAUGHT failed=1 passed=0  control failed=0 passed=1  A_margin_warning_is_heard_with_alerts_and_events_muted
      RED: AccessibleTrader.Tests.ErrorAndStatusAnnouncementTests.A_margin_warning_is_heard_with_alerts_and_events_muted
           Assert.Contains() Failure: Item not found in collection
C11: PROVED  mutant CAUGHT failed=1 passed=0  control failed=0 passed=1  A_strategy_order_placed_is_heard_with_chart_speech_off
      RED: AccessibleTrader.Tests.ErrorAndStatusAnnouncementTests.A_strategy_order_placed_is_heard_with_chart_speech_off
           Assert.Contains() Failure: Item not found in collection
C12: PROVED  mutant CAUGHT failed=1 passed=0  control failed=0 passed=1  Connection_lost_is_heard_with_chart_speech_off
      RED: AccessibleTrader.Tests.ErrorAndStatusAnnouncementTests.Connection_lost_is_heard_with_chart_speech_off
           Assert.Contains() Failure: Filter not matched in collection
C15: PROVED  mutant CAUGHT failed=1 passed=0  control failed=0 passed=1  An_indicator_advisory_is_silenced_by_Shift_F2
      RED: AccessibleTrader.Tests.ErrorAndStatusAnnouncementTests.An_indicator_advisory_is_silenced_by_Shift_F2
           Assert.Empty() Failure: Collection was not empty
A01: PROVED  mutant CAUGHT failed=1 passed=0  control failed=0 passed=1  An_alert_set_to_speech_is_spoken
      RED: AccessibleTrader.Tests.FiredAlertDeliveryTests.An_alert_set_to_speech_is_spoken
           Assert.Contains() Failure: Item not found in collection
A02: PROVED  mutant CAUGHT failed=1 passed=0  control failed=0 passed=1  A_break_through_alert_is_spoken_through_Shift_F2
      RED: AccessibleTrader.Tests.FiredAlertDeliveryTests.A_break_through_alert_is_spoken_through_Shift_F2
           Assert.Contains() Failure: Item not found in collection
A03: PROVED  mutant CAUGHT failed=1 passed=0  control failed=0 passed=1  A_break_through_alert_is_sounded_with_earcons_muted
      RED: AccessibleTrader.Tests.FiredAlertDeliveryTests.A_break_through_alert_is_sounded_with_earcons_muted
           a break-through alert's earcon was silenced by the earcon mute
A04: PROVED  mutant CAUGHT failed=1 passed=0  control failed=0 passed=1  A_second_pattern_within_five_seconds_waits
      RED: AccessibleTrader.Tests.FormingPatternCommentaryTests.A_second_pattern_within_five_seconds_waits
           Assert.Empty() Failure: Collection was not empty
A05: PROVED  mutant CAUGHT failed=1 passed=0  control failed=0 passed=1  Without_N_on_the_candles_there_is_no_running_commentary
      RED: AccessibleTrader.Tests.FormingPatternCommentaryTests.Without_N_on_the_candles_there_is_no_running_commentary
           Assert.Empty() Failure: Collection was not empty
A06: PROVED  mutant CAUGHT failed=1 passed=0  control failed=0 passed=1  The_same_forming_pattern_is_not_said_again_after_the_debounce
      RED: AccessibleTrader.Tests.FormingPatternCommentaryTests.The_same_forming_pattern_is_not_said_again_after_the_debounce
           Assert.Empty() Failure: Collection was not empty
A09: PROVED  mutant CAUGHT failed=1 passed=0  control failed=0 passed=1  F3_says_sound_off_when_it_turns_sound_off_and_on_when_on
      RED: AccessibleTrader.Tests.MuteToggleConfirmationTests.F3_says_sound_off_when_it_turns_sound_off_and_on_when_on
           Assert.Equal() Failure: Collections differ
A07: PROVED  mutant CAUGHT failed=1 passed=0  control failed=0 passed=1  A_forming_formation_is_announced_once_not_every_five_seconds
      RED: AccessibleTrader.Tests.FormingPatternCommentaryTests.A_forming_formation_is_announced_once_not_every_five_seconds
           Assert.DoesNotContain() Failure: Filter matched in collection
N01: PROVED  mutant CAUGHT failed=1 passed=0  control failed=0 passed=1  Right_on_the_last_bar_plays_the_boundary_earcon
      RED: AccessibleTrader.Tests.ChartKeyboardNavigationTests.Right_on_the_last_bar_plays_the_boundary_earcon
           Assert.Contains() Failure: Item not found in collection
N03: PROVED  mutant CAUGHT failed=1 passed=0  control failed=0 passed=1  Page_Down_on_the_bottom_series_stays_there
      RED: AccessibleTrader.Tests.ChartKeyboardNavigationTests.Page_Down_on_the_bottom_series_stays_there
           Assert.Equal() Failure: Strings differ
N02: PROVED  mutant CAUGHT failed=1 passed=0  control failed=0 passed=1  Walking_left_near_the_start_of_the_loaded_data_asks_for_older_history
      RED: AccessibleTrader.Tests.ChartKeyboardNavigationTests.Walking_left_near_the_start_of_the_loaded_data_asks_for_older_history
           Left at bar 10 of 300 did not ask for older history: walking left reaches the start of what was loaded and stops there for good
N04: PROVED  mutant CAUGHT failed=1 passed=0  control failed=0 passed=1  Delete_on_the_candles_refuses_and_says_why
      RED: AccessibleTrader.Tests.ChartKeyboardNavigationTests.Delete_on_the_candles_refuses_and_says_why
           Assert.Contains() Failure: Filter not matched in collection
N05: NOT_PROVED  mutant SURVIVED_CSHARP_ONLY failed=0 passed=1  control failed=0 passed=1  Moving_to_another_series_starts_Up_and_Down_at_its_first_component
V01: PROVED  mutant CAUGHT failed=1 passed=0  control failed=0 passed=1  Pan_left_shows_earlier_bars_and_pan_right_shows_later_ones
      RED: AccessibleTrader.Tests.ChartKeyboardNavigationTests.Pan_left_shows_earlier_bars_and_pan_right_shows_later_ones
           pan LEFT moved the window from bar 110 to bar 120
R01: PROVED  mutant CAUGHT failed=1 passed=0  control failed=0 passed=1  Up_and_Down_on_a_volume_profile_walk_its_price_bins
      RED: AccessibleTrader.Tests.ChartKeyboardNavigationTests.Up_and_Down_on_a_volume_profile_walk_its_price_bins
           Assert.IsType() Failure: Value is not the exact type
H01: PROVED  mutant CAUGHT failed=1 passed=0  control failed=0 passed=1  Loading_another_chart_lets_backfill_work_again_after_no_more_history
      RED: AccessibleTrader.Tests.HistoryBackfillCoordinatorTests.Loading_another_chart_lets_backfill_work_again_after_no_more_history
           Assert.Equal() Failure: Values differ
H02: PROVED  mutant CAUGHT failed=1 passed=0  control failed=0 passed=1  When_the_provider_has_nothing_older_the_user_is_told_so
      RED: AccessibleTrader.Tests.HistoryBackfillCoordinatorTests.When_the_provider_has_nothing_older_the_user_is_told_so
           Assert.Contains() Failure: Item not found in collection
F01: PROVED  mutant CAUGHT failed=1 passed=0  control failed=0 passed=1  Key_repeat_does_not_cut_off_an_order_rejection_on_the_second_or_third_press
      RED: AccessibleTrader.Tests.SpeechPriorityTimingTests.Key_repeat_does_not_cut_off_an_order_rejection_on_the_second_or_third_press
           Assert.DoesNotContain() Failure: Item found in collection
G01: PROVED  mutant CAUGHT failed=1 passed=0  control failed=0 passed=1  A_critical_error_is_announced_as_critical
      RED: AccessibleTrader.Tests.ErrorAndStatusAnnouncementTests.A_critical_error_is_announced_as_critical
           Assert.Contains() Failure: Filter not matched in collection
F02: PROVED  mutant CAUGHT failed=1 passed=0  control failed=0 passed=1  A_short_alert_stops_holding_off_the_arrow_keys_once_it_has_been_said
      RED: AccessibleTrader.Tests.SpeechPriorityTimingTests.A_short_alert_stops_holding_off_the_arrow_keys_once_it_has_been_said
           Assert.Contains() Failure: Item not found in collection
E01: PROVED  mutant CAUGHT failed=1 passed=0  control failed=0 passed=1  A_buy_fill_rises
      RED: AccessibleTrader.Tests.OrderEarconShapeTests.A_buy_fill_rises
           buy fill notes: 294, 294, 196
E02: PROVED  mutant CAUGHT failed=1 passed=0  control failed=0 passed=1  A_stop_loss_descends
      RED: AccessibleTrader.Tests.OrderEarconShapeTests.A_stop_loss_descends
           stop-loss notes: 523, 659, 784, 1046
S01: PROVED  mutant CAUGHT failed=1 passed=0  control failed=0 passed=1  A_daily_bar_closes_on_a_date_not_at_a_clock_time
      RED: AccessibleTrader.Tests.BarCloseStampTests.A_daily_bar_closes_on_a_date_not_at_a_clock_time
           Assert.Contains() Failure: Sub-string not found
P01: PROVED  mutant CAUGHT failed=1 passed=0  control failed=0 passed=1  The_highest_value_area_bin_is_called_value_area_high_and_the_lowest_value_area_low
      RED: AccessibleTrader.Tests.ShapeAndDirectionNamingTests.The_highest_value_area_bin_is_called_value_area_high_and_the_lowest_value_area_low
           Assert.Equal() Failure: Strings differ
D01: PROVED  mutant CAUGHT failed=1 passed=0  control failed=0 passed=1  After_the_stop_loss_is_set_risk_reward_asks_for_the_take_profit
      RED: AccessibleTrader.Tests.DrawingPlacementSpeechTests.After_the_stop_loss_is_set_risk_reward_asks_for_the_take_profit
           Assert.Contains() Failure: Sub-string not found
D02f: PROVED  mutant CAUGHT failed=1 passed=0  control failed=0 passed=1  Completing_risk_reward_names_the_take_profit_as_the_last_point
      RED: AccessibleTrader.Tests.DrawingPlacementSpeechTests.Completing_risk_reward_names_the_take_profit_as_the_last_point
           Assert.Contains() Failure: Sub-string not found
D03: PROVED  mutant CAUGHT failed=1 passed=0  control failed=0 passed=1  Measuring_from_the_cursor_to_a_later_higher_bar_says_up
      RED: AccessibleTrader.Tests.DrawingPlacementSpeechTests.Measuring_from_the_cursor_to_a_later_higher_bar_says_up
           Assert.Contains() Failure: Sub-string not found
DP1: PROVED  mutant CAUGHT failed=1 passed=0  control failed=0 passed=1  The_Dot_Pads_left_panning_key_pans_the_chart_left
      RED: AccessibleTrader.Tests.BrailleDisplayKeysAndToggleTests.The_Dot_Pads_left_panning_key_pans_the_chart_left
           NSubstitute.Exceptions.ReceivedCallsException : Expected to receive exactly 1 call matching:
T01: PROVED  mutant CAUGHT failed=1 passed=0  control failed=0 passed=1  F4_with_braille_off_turns_it_on_and_says_so
      RED: AccessibleTrader.Tests.BrailleDisplayKeysAndToggleTests.F4_with_braille_off_turns_it_on_and_says_so
           Assert.Contains() Failure: Item not found in collection
SC1: PROVED  mutant CAUGHT failed=1 passed=0  control failed=0 passed=1  A_doji_with_a_long_lower_shadow_and_no_upper_one_is_a_dragonfly
      RED: AccessibleTrader.Tests.ShapeAndDirectionNamingTests.A_doji_with_a_long_lower_shadow_and_no_upper_one_is_a_dragonfly
           Assert.Equal() Failure: Values differ
I01: PROVED  mutant CAUGHT failed=1 passed=0  control failed=0 passed=1  A_MACD_line_falling_through_its_signal_is_narrated_as_a_bearish_crossover
      RED: AccessibleTrader.Tests.ShapeAndDirectionNamingTests.A_MACD_line_falling_through_its_signal_is_narrated_as_a_bearish_crossover
           Assert.Contains() Failure: Sub-string not found
HC1: PROVED  mutant CAUGHT failed=1 passed=0  control failed=0 passed=1  After_a_reseed_the_alerts_have_no_pre_gap_value_to_compare_against
      RED: AccessibleTrader.Tests.HeadlessChartTests.After_a_reseed_the_alerts_have_no_pre_gap_value_to_compare_against
           Assert.Empty() Failure: Collection was not empty
AN1: PROVED  mutant CAUGHT failed=1 passed=0  control failed=0 passed=1  A_signal_flickering_on_the_forming_bar_is_not_announced_until_the_bar_closes
      RED: AccessibleTrader.Tests.FormingBarNarrationTests.A_signal_flickering_on_the_forming_bar_is_not_announced_until_the_bar_closes
           Assert.Empty() Failure: Collection was not empty
AN2: PROVED  mutant CAUGHT failed=1 passed=0  control failed=0 passed=1  A_bar_that_closed_before_the_narrators_first_redraw_is_announced_at_that_redraw
      RED: AccessibleTrader.Tests.FormingBarNarrationTests.A_bar_that_closed_before_the_narrators_first_redraw_is_announced_at_that_redraw
           Assert.Single() Failure: The collection was empty
HF1: PROVED  mutant CAUGHT failed=1 passed=0  control failed=0 passed=1  The_signature_changes_when_an_indicators_period_is_edited
      RED: AccessibleTrader.Tests.HeadlessChartTests.The_signature_changes_when_an_indicators_period_is_edited
           Assert.NotEqual() Failure: Strings are equal
AN3: PROVED  mutant CAUGHT failed=1 passed=0  control failed=0 passed=1  A_signal_that_printed_while_chart_speech_was_off_is_heard_after_F2_turns_it_back_on
      RED: AccessibleTrader.Tests.FormingBarNarrationTests.A_signal_that_printed_while_chart_speech_was_off_is_heard_after_F2_turns_it_back_on
           Assert.Contains() Failure: Filter not matched in collection
E02: PROVED  mutant CAUGHT failed=1 passed=0  control failed=0 passed=1  A_stop_loss_descends
      RED: AccessibleTrader.Tests.OrderEarconShapeTests.A_stop_loss_descends
           stop-loss notes: 523, 659, 784, 1046
FIX1: PROVED  mutant CAUGHT failed=1 passed=0  control failed=0 passed=1  A_signal_already_heard_is_not_said_again_after_older_history_loads
      RED: AccessibleTrader.Tests.HistoryBackfillNarrationTests.A_signal_already_heard_is_not_said_again_after_older_history_loads
           the gold dot on day 99 was announced when day 99 closed; one scroll back into history later the next bar close announced it again: "Close 200.50 on April 10 2026, Spinning top. New bar: Open 201.00 Tr
FIX3: PROVED  mutant CAUGHT failed=1 passed=0  control failed=0 passed=1  Completing_a_trend_line_names_its_second_point
      RED: AccessibleTrader.Tests.DrawingPlacementSpeechTests.Completing_a_trend_line_names_its_second_point
           Assert.Contains() Failure: Sub-string not found
FIX4a: PROVED  mutant CAUGHT failed=1 passed=0  control failed=0 passed=1  After_braille_is_switched_off_and_on_again_the_strip_is_sent_again
      RED: AccessibleTrader.Tests.BrailleDisplayKeysAndToggleTests.After_braille_is_switched_off_and_on_again_the_strip_is_sent_again
           the display reconnected blank and the strip ("no chart loaded...") was never sent to it again
FIX2: PROVED  mutant CAUGHT failed=1 passed=0  control failed=0 passed=1  Three_panes_with_Main_declared_last_keep_the_other_two_in_first_appearance_order
      RED: AccessibleTrader.Tests.PaneModelAndTrailingSpeechTests.Three_panes_with_Main_declared_last_keep_the_other_two_in_first_appearance_order
           Assert.Equal() Failure: Collections differ
FIX4b: PROVED  mutant CAUGHT failed=1 passed=0  control failed=0 passed=1  A_replugged_display_is_sent_the_strip_text_again
      RED: AccessibleTrader.Tests.BrailleDisplayKeysAndToggleTests.A_replugged_display_is_sent_the_strip_text_again
           NSubstitute.Exceptions.ReceivedCallsException : Expected to receive exactly 2 calls matching:

51/52 proved RED on the mutant and GREEN on the clean tree
restored byte-identical
